Traceback (most recent call last):
  File "D:\ProgramData\miniforge3\lib\runpy.py", line 196, in _run_module_as_main
    return _run_code(code, main_globals, None,
  File "D:\ProgramData\miniforge3\lib\runpy.py", line 86, in _run_code
    exec(code, run_globals)
  File "D:\Users\ex_tangxy17\AppData\Roaming\Python\Python310\site-packages\uvicorn\__main__.py", line 4, in <module>
    uvicorn.main()
  File "D:\Users\ex_tangxy17\AppData\Roaming\Python\Python310\site-packages\click\core.py", line 1442, in __call__
    return self.main(*args, **kwargs)
  File "D:\Users\ex_tangxy17\AppData\Roaming\Python\Python310\site-packages\click\core.py", line 1363, in main
    rv = self.invoke(ctx)
  File "D:\Users\ex_tangxy17\AppData\Roaming\Python\Python310\site-packages\click\core.py", line 1226, in invoke
    return ctx.invoke(self.callback, **ctx.params)
  File "D:\Users\ex_tangxy17\AppData\Roaming\Python\Python310\site-packages\click\core.py", line 794, in invoke
    return callback(*args, **kwargs)
  File "D:\Users\ex_tangxy17\AppData\Roaming\Python\Python310\site-packages\uvicorn\main.py", line 413, in main
    run(
  File "D:\Users\ex_tangxy17\AppData\Roaming\Python\Python310\site-packages\uvicorn\main.py", line 580, in run
    server.run()
  File "D:\Users\ex_tangxy17\AppData\Roaming\Python\Python310\site-packages\uvicorn\server.py", line 67, in run
    return asyncio.run(self.serve(sockets=sockets))
  File "D:\ProgramData\miniforge3\lib\asyncio\runners.py", line 44, in run
    return loop.run_until_complete(main)
  File "D:\ProgramData\miniforge3\lib\asyncio\base_events.py", line 649, in run_until_complete
    return future.result()
  File "D:\Users\ex_tangxy17\AppData\Roaming\Python\Python310\site-packages\uvicorn\server.py", line 71, in serve
    await self._serve(sockets)
  File "D:\Users\ex_tangxy17\AppData\Roaming\Python\Python310\site-packages\uvicorn\server.py", line 78, in _serve
    config.load()
  File "D:\Users\ex_tangxy17\AppData\Roaming\Python\Python310\site-packages\uvicorn\config.py", line 436, in load
    self.loaded_app = import_from_string(self.app)
  File "D:\Users\ex_tangxy17\AppData\Roaming\Python\Python310\site-packages\uvicorn\importer.py", line 22, in import_from_string
    raise exc from None
  File "D:\Users\ex_tangxy17\AppData\Roaming\Python\Python310\site-packages\uvicorn\importer.py", line 19, in import_from_string
    module = importlib.import_module(module_str)
  File "D:\ProgramData\miniforge3\lib\importlib\__init__.py", line 126, in import_module
    return _bootstrap._gcd_import(name[level:], package, level)
  File "<frozen importlib._bootstrap>", line 1050, in _gcd_import
  File "<frozen importlib._bootstrap>", line 1027, in _find_and_load
  File "<frozen importlib._bootstrap>", line 1006, in _find_and_load_unlocked
  File "<frozen importlib._bootstrap>", line 688, in _load_unlocked
  File "<frozen importlib._bootstrap_external>", line 883, in exec_module
  File "<frozen importlib._bootstrap>", line 241, in _call_with_frames_removed
  File "D:\projects\react_demo\auto_react_aigc\control-plane\app\main.py", line 8, in <module>
    from app.api.routes import sessions, messages, runs, auth, tools, agents, resources, spaces, evaluations, assist
  File "D:\projects\react_demo\auto_react_aigc\control-plane\app\api\routes\__init__.py", line 2, in <module>
    from . import auth, sessions, messages, runs, tools
  File "D:\projects\react_demo\auto_react_aigc\control-plane\app\api\routes\auth.py", line 9, in <module>
    from shared.schemas.requests import LoginRequest, RegisterRequest
ModuleNotFoundError: No module named 'shared'
